// Jest Snapshot v1, https://goo.gl/fbAQLP

exports[`<Thing /> renders right 1`] = `
<section
  className="thing "
>
  <span>
    Stuff: 
    true
     
  </span>
  <button
    onClick={[Function]}
  >
    Click Me
  </button>
</section>
`;
